Enter two numbers n and m:
n is -6007510093730513
m is -611149187249870
n + m is -6618659280980383
n - m is -5396360906480643
n * m is 3671484911178793364163374283310
n / m is 9
n % m is -507167408481683
