Enter two numbers n and m:
n is 1595
m is 214
n + m is 1809
n - m is 1381
n * m is 341330
n / m is 7
n % m is 97
