Enter two numbers n and m:
n is 6369414947
m is 986238439
n + m is 7355653386
n - m is 5383176508
n * m is 6281761854672547733
n / m is 6
n % m is 451984313
