Enter two numbers n and m:
n is 5009705101619937889
m is -896356105121910913
n + m is 4113348996498026976
n - m is 5906061206741848802
n * m is -4490479752697414439325206752051282657
n / m is -6
n % m is -368431529111527589
