Enter the number base b:
Enter two numbers n and m:
b is 439840841343
n mod b is 352667947302
m mod b is 89648733095
n + m is 2475839054
n - m is 263019214207
n * m is 65960876241
n ** m is 11981907357
