Enter the number base b:
Enter two numbers n and m:
b is 241817513521925912808336051697245005900021309027095517491169608093229
n mod b is 94951404436241883796223734816943577692215748173726879636433656800395
m mod b is 81514774571010646231583676671123167748893039221456175140577368143798
n + m is 176466179007252530027807411488066745441108787395183054777011024944193
n - m is 13436629865231237564640058145820409943322708952270704495856288656597
n * m is 188620902449216151826390503795920432702599852001454981434512840718209
n ** m is 188386139850931223568732274435059168010949391416079096602362034004367
