Enter the number base b:
Enter two numbers n and m:
b is 708743072214208859217069331
n mod b is 221244669049683019036515193
m mod b is 305184276452750551095780868
n + m is 526428945502433570132296061
n - m is 624803464811141327157803656
n * m is 633960345364216034477745511
n ** m is 283807775505413895894826248
