Enter the number base b:
Enter two numbers n and m:
b is 966239626591529878118712744210922347
n mod b is 724575563968966851110367210359478599
m mod b is 949891611231146491481327193238675188
n + m is 708227548608583464472981659387231440
n - m is 740923579329350237747752761331725758
n * m is 791797943779656244748324659049479209
n ** m is 461866131165955025163000887484892300
