Enter the number base b:
Enter two numbers n and m:
b is 109252129619270558648
n mod b is 60695211609870293571
m mod b is 24958473064465404587
n + m is 85653684674335698158
n - m is 35736738545404888984
n * m is 78765520103026796625
n ** m is 100965435798443321579
