Enter the number base b:
Enter two numbers n and m:
b is 829976
n mod b is 421523
m mod b is 120452
n + m is 541975
n - m is 301071
n * m is 336572
n ** m is 25601
