Enter the number base b:
Enter two numbers n and m:
b is 345919163301594841046650967275
n mod b is 252004194437153544979827173056
m mod b is 280635101578291030260292011760
n + m is 186720132713849734193468217541
n - m is 317288256160457355766186128571
n * m is 123313228009082749330410062735
n ** m is 210124774838845423562490867226
