Enter the number base b:
Enter two numbers n and m:
b is 17912063302832048106026700961456
n mod b is 11308704825174300084957015408088
m mod b is 13937465123253207681687820345045
n + m is 7334106645595459660618134791677
n - m is 15283303004753140509295896024499
n * m is 8532174349439277680366697212184
n ** m is 1418999501202556522293141092480
